[0;93m2026-08-30 01:53:39.776120772 [W:onnxruntime:Default, device_discovery.cc:146 GetPciBusId] Skipping pci_bus_id for PCI path at "/sys/devices/LNXSYSTM:00/LNXSYBUS:00/ACPI0004:00/MSFT1000:00/5620e0c7-8062-4dce-aeb7-520c7ef76171" because filename "5620e0c7-8062-4dce-aeb7-520c7ef76171" did not match expected pattern of [0-9a-f]+:[0-9a-f]+:[0-9a-f]+[.][0-9a-f]+[m
Some weights of RobertaForSequenceClassification were not initialized from the model checkpoint at microsoft/unixcoder-base and are newly initialized: ['classifier.dense.bias', 'classifier.dense.weight', 'classifier.out_proj.bias', 'classifier.out_proj.weight']
You should probably TRAIN this model on a down-stream task to be able to use it for predictions and inference.
`torch_dtype` is deprecated! Use `dtype` instead!
/home/runner/work/ml-inference/ml-inference/.venv/lib/python3.12/site-packages/transformers/modeling_attn_mask_utils.py:196: TracerWarning: torch.tensor results are registered as constants in the trace. You can safely ignore this warning if you use this function to create tensors out of constant variables that would be the same every time you call this function. In any other case, this might cause the trace to be incorrect.
  inverted_mask = torch.tensor(1.0, dtype=dtype) - expanded_mask
materialising microsoft/unixcoder-base with a 11-label head (untrained) -> /tmp/arch-bench-v7vagukm/base-checkpoint
exporting /tmp/arch-bench-v7vagukm/base-checkpoint -> FP32 ONNX
quantizing -> INT8 dynamic, preset=avx2
timing 100 single inputs per variant, 4 intra-op threads
{
  "scope": {
    "checkpoint": "microsoft/unixcoder-base",
    "weights": "untrained",
    "latency_samples_per_variant": 100,
    "batch_size": 1,
    "max_seq_len": 256,
    "padding": "max_length",
    "intra_op_threads": 4,
    "execution_provider": "CPUExecutionProvider",
    "onnxruntime_version": "1.29.0",
    "python_version": "3.12.14",
    "quant_preset": "avx2"
  },
  "cpu": {
    "machine": "x86_64",
    "system": "Linux",
    "logical_cpus": 4,
    "model": "AMD EPYC 7763 64-Core Processor",
    "int8_features": {
      "amx_int8": false,
      "avx512_vnni": false,
      "avx_vnni": false,
      "avx512f": false,
      "avx2": true
    }
  },
  "model_bytes": {
    "fp32": 503979814,
    "int8": 127263592,
    "size_ratio": 3.96
  },
  "onnx_fp32": {
    "mean_ms": 273.23,
    "p50_ms": 272.22,
    "p95_ms": 277.09,
    "p99_ms": 281.32,
    "min_ms": 270.86,
    "max_ms": 298.69,
    "n": 100
  },
  "onnx_int8": {
    "mean_ms": 193.34,
    "p50_ms": 191.56,
    "p95_ms": 198.46,
    "p99_ms": 210.44,
    "min_ms": 190.47,
    "max_ms": 267.16,
    "n": 100
  },
  "int8_speedup_vs_fp32": {
    "p50": 1.421,
    "p95": 1.396,
    "p99": 1.337
  }
}
wrote /home/runner/work/ml-inference/ml-inference/bench/reports/arch_latency_x86-avx2_untrained.json
